[rrdevs.net/demos/html/consulter/index04b9.html]
[backblue.gif]
[fade.gif]
[index.html]
[rrdevs.net/demos/html/consulter/assets/img/favicon.png]
[rrdevs.net/demos/html/consulter/assets/css/icons.css]
[rrdevs.net/demos/html/consulter/assets/css/magnific-popup.css]
[rrdevs.net/demos/html/consulter/assets/css/slick.min.css]
[rrdevs.net/demos/html/consulter/assets/css/animate.min.css]
[rrdevs.net/demos/html/consulter/assets/css/bootstrap.min.css]
[rrdevs.net/demos/html/consulter/style.css]
[rrdevs.net/demos/html/consulter/index.html]
[rrdevs.net/demos/html/consulter/assets/img/logo/logo-3.png]
[rrdevs.net/demos/html/consulter/index-2.html]
[rrdevs.net/demos/html/consulter/index-3.html]
[rrdevs.net/demos/html/consulter/index-4.html]
[rrdevs.net/demos/html/consulter/index-5.html]
[rrdevs.net/demos/html/consulter/services.html]
[rrdevs.net/demos/html/consulter/services-2.html]
[rrdevs.net/demos/html/consulter/about.html]
[rrdevs.net/demos/html/consulter/contact.html]
[rrdevs.net/demos/html/consulter/table.html]
[rrdevs.net/demos/html/consulter/team.html]
[rrdevs.net/demos/html/consulter/team-details.html]
[rrdevs.net/demos/html/consulter/services-details.html]
[rrdevs.net/demos/html/consulter/our-project-details.html]
[rrdevs.net/demos/html/consulter/blog-details.html]
[rrdevs.net/demos/html/consulter/404.html]
[rrdevs.net/demos/html/consulter/our-project.html]
[rrdevs.net/demos/html/consulter/blog.html]
[rrdevs.net/demos/html/consulter/blog-standard.html]
[rrdevs.net/demos/html/consulter/assets/img/banner/banner-start.svg]
[rrdevs.net/demos/html/consulter/assets/img/banner/banner-home.png]
[rrdevs.net/demos/html/consulter/assets/img/home/financial__item-bg.png]
[rrdevs.net/demos/html/consulter/assets/img/icon/growth.svg]
[rrdevs.net/demos/html/consulter/assets/img/icon/planning-1.svg]
[rrdevs.net/demos/html/consulter/assets/img/icon/international.svg]
[rrdevs.net/demos/html/consulter/assets/img/about/our-company-1.png]
[rrdevs.net/demos/html/consulter/assets/img/about/our-company-2.png]
[rrdevs.net/demos/html/consulter/assets/img/home/line.svg]
[rrdevs.net/demos/html/consulter/assets/img/home/planning-success-bg.png]
[rrdevs.net/demos/html/consulter/assets/img/home/why-choose__item-two-overly.png]
[rrdevs.net/demos/html/consulter/assets/img/services/get-free-bg.png]
[rrdevs.net/demos/html/consulter/assets/img/home/theme-btn-overly-1.png]
[rrdevs.net/demos/html/consulter/assets/img/home/our-portfolio-home__item-1.png]
[rrdevs.net/demos/html/consulter/assets/img/home/theme-btn-overly.png]
[rrdevs.net/demos/html/consulter/assets/img/home/our-portfolio-home__item-2.png]
[rrdevs.net/demos/html/consulter/assets/img/home/our-portfolio-home__item-3.png]
[rrdevs.net/demos/html/consulter/assets/img/team/team-item-10.jpg]
[rrdevs.net/demos/html/consulter/assets/img/team/team-item-11.jpg]
[rrdevs.net/demos/html/consulter/assets/img/team/team-item-1.jpg]
[rrdevs.net/demos/html/consulter/assets/img/team/team-item-12.jpg]
[rrdevs.net/demos/html/consulter/assets/img/testimonial/testimonial-1.png]
[rrdevs.net/demos/html/consulter/assets/img/testimonial/testimonial-4.png]
[rrdevs.net/demos/html/consulter/assets/img/testimonial/testimonial-5.png]
[rrdevs.net/demos/html/consulter/assets/img/home/can-help-background.png]
[rrdevs.net/demos/html/consulter/assets/img/blog/blog-15.jpg]
[rrdevs.net/demos/html/consulter/assets/img/blog/blog-16.jpg]
[rrdevs.net/demos/html/consulter/assets/img/blog/blog-17.jpg]
[rrdevs.net/demos/html/consulter/assets/img/footer/footer-bg-3.png]
[rrdevs.net/demos/html/consulter/assets/img/footer/footer-box-bg.png]
[rrdevs.net/demos/html/consulter/assets/img/logo/footer-logo-3.png]
[rrdevs.net/demos/html/consulter/assets/img/footer/resent-post-1.png]
[rrdevs.net/demos/html/consulter/assets/img/footer/resent-post-2.png]
[rrdevs.net/demos/html/consulter/assets/js/jquery.min.js]
[rrdevs.net/demos/html/consulter/assets/js/bootstrap.bundle.min.js]
[rrdevs.net/demos/html/consulter/assets/js/jquery.easing.js]
[rrdevs.net/demos/html/consulter/assets/js/slick.min.js]
[rrdevs.net/demos/html/consulter/assets/js/scrollUp.min.js]
[rrdevs.net/demos/html/consulter/assets/js/counterup.min.js]
[rrdevs.net/demos/html/consulter/assets/js/jquery.sticky-kit.js]
[rrdevs.net/demos/html/consulter/assets/js/magnific-popup.min.js]
[rrdevs.net/demos/html/consulter/assets/js/jquery.easypiechart.min.js]
[rrdevs.net/demos/html/consulter/assets/js/wow.min.js]
[rrdevs.net/demos/html/consulter/assets/js/active.js]
[rrdevs.net/demos/html/consulter/index04b9.html]
[rrdevs.net/demos/html/consulter/assets/fonts/fa-brands-400.eot]
[rrdevs.net/demos/html/consulter/assets/fonts/fa-brands-400d41d.eot]
[rrdevs.net/demos/html/consulter/assets/fonts/fa-brands-400.woff2]
[rrdevs.net/demos/html/consulter/assets/fonts/fa-brands-400.woff]
[rrdevs.net/demos/html/consulter/assets/fonts/fa-light-300.eot]
[rrdevs.net/demos/html/consulter/assets/fonts/fa-light-300d41d.eot]
[rrdevs.net/demos/html/consulter/assets/fonts/fa-light-300.woff2]
[rrdevs.net/demos/html/consulter/assets/fonts/fa-light-300.woff]
[rrdevs.net/demos/html/consulter/assets/fonts/fa-regular-400.eot]
[rrdevs.net/demos/html/consulter/assets/fonts/fa-regular-400d41d.eot]
[rrdevs.net/demos/html/consulter/assets/fonts/fa-regular-400.woff2]
[rrdevs.net/demos/html/consulter/assets/fonts/fa-regular-400.woff]
[rrdevs.net/demos/html/consulter/assets/fonts/fa-solid-900.eot]
[rrdevs.net/demos/html/consulter/assets/fonts/fa-solid-900d41d.eot]
[rrdevs.net/demos/html/consulter/assets/fonts/fa-solid-900.woff2]
[rrdevs.net/demos/html/consulter/assets/fonts/fa-solid-900.woff]
[rrdevs.net/demos/html/consulter/assets/fonts/flaticon4c3d.ttf]
[rrdevs.net/demos/html/consulter/assets/fonts/flaticon4c3d.woff]
[rrdevs.net/demos/html/consulter/assets/fonts/flaticon4c3d.woff2]
[rrdevs.net/demos/html/consulter/assets/fonts/flaticon4c3d.eot]
[rrdevs.net/demos/html/consulter/assets/fonts/consulter85dd.eot]
[rrdevs.net/demos/html/consulter/assets/fonts/consulter85dd.woff2]
[rrdevs.net/demos/html/consulter/assets/fonts/consulter85dd.woff]
[rrdevs.net/demos/html/consulter/assets/fonts/consulter85dd.ttf]
[rrdevs.net/demos/html/consulter/assets/css/icons.css]
[rrdevs.net/demos/html/consulter/assets/css/magnific-popup.css]
[rrdevs.net/demos/html/consulter/assets/css/slick.min.css]
[rrdevs.net/demos/html/consulter/assets/css/animate.min.css]
[rrdevs.net/demos/html/consulter/assets/css/bootstrap.min.css]
[rrdevs.net/demos/html/consulter/assets/fonts/Gilroy-SemiBold.woff2]
[rrdevs.net/demos/html/consulter/assets/fonts/consulter85dd.svg]
[rrdevs.net/demos/html/consulter/assets/fonts/Gilroy-SemiBold.woff]
[rrdevs.net/demos/html/consulter/assets/fonts/Lato-Medium.woff2]
[rrdevs.net/demos/html/consulter/assets/fonts/Lato-Medium.woff]
[rrdevs.net/demos/html/consulter/assets/fonts/Lato-Semibold.woff2]
[rrdevs.net/demos/html/consulter/assets/fonts/Lato-Semibold.woff]
[rrdevs.net/demos/html/consulter/assets/img/home-5/bg_05.png]
[rrdevs.net/demos/assets/img/portfolio/our-portfolio-bg.png]
[rrdevs.net/demos/html/consulter/assets/img/page-banner/page-banner-overly.png]
[rrdevs.net/demos/html/consulter/assets/img/page-banner/pattern.svg]
[rrdevs.net/demos/html/consulter/assets/img/banner/banner-slider-overly.png]
[rrdevs.net/demos/html/consulter/assets/img/banner/pattern.svg]
[rrdevs.net/demos/html/consulter/assets/img/banner/banner-overly.svg]
[rrdevs.net/demos/html/consulter/assets/img/banner/banner-home-overly.png]
[rrdevs.net/demos/html/consulter/assets/img/home-3/our-team-home-3.png]
[rrdevs.net/demos/html/consulter/assets/img/about/bg-team.png]
[rrdevs.net/demos/html/consulter/assets/img/services/why-counter-overly-3.png]
[rrdevs.net/demos/html/consulter/assets/img/testimonial/star-red.png]
[rrdevs.net/demos/html/consulter/assets/img/about/star.png]
[rrdevs.net/demos/html/consulter/assets/img/about/company-skill-bg.png]
[rrdevs.net/demos/html/assets/img/testimonial/star.png]
[rrdevs.net/demos/html/consulter/assets/img/testimonial/star.png]
[rrdevs.net/demos/html/consulter/assets/img/price/standard-plan-2.svg]
[rrdevs.net/demos/html/consulter/assets/img/price/professional-2.svg]
[rrdevs.net/demos/html/consulter/assets/img/price/circle-2.svg]
[rrdevs.net/demos/html/consulter/assets/img/price/basic-plan-2.svg]
[rrdevs.net/demos/html/consulter/assets/img/price/standard-plan.svg]
[rrdevs.net/demos/html/consulter/assets/img/price/professional.svg]
[rrdevs.net/demos/html/consulter/assets/img/price/circle.svg]
[rrdevs.net/demos/html/consulter/assets/img/price/price-bg.svg]
[rrdevs.net/demos/html/consulter/assets/img/price/basic-plan.svg]
[rrdevs.net/demos/html/consulter/assets/img/services/map.png]
[rrdevs.net/demos/html/consulter/assets/img/home/why-choose__home-overly.png]
[rrdevs.net/demos/html/consulter/assets/img/services/why-counter-overly-1.png]
[rrdevs.net/demos/html/consulter/assets/img/services/why-counter-overly-2.png]
[rrdevs.net/demos/html/consulter/assets/img/services/services-two-overly.png]
[rrdevs.net/demos/html/consulter/assets/img/home-3/can-help-home-3-bg.png]
[rrdevs.net/demos/html/consulter/assets/img/team-details/comment.png]
[rrdevs.net/demos/html/consulter/assets/img/home/can-overly-home.png]
[rrdevs.net/demos/html/consulter/assets/img/home/our-portfolio-home-overly.png]
[rrdevs.net/demos/html/consulter/assets/img/home/theme-btn-overly-hover.png]
[rrdevs.net/demos/html/consulter/assets/img/home/our-company-financial-overly.svg]
[rrdevs.net/demos/html/consulter/assets/img/home-2/work-process-bg.png]
[rrdevs.net/demos/html/consulter/assets/img/home-2/our-member-bg.png]
[rrdevs.net/demos/html/consulter/assets/img/portfolio/our-portfolio-bg.png]
[rrdevs.net/demos/html/consulter/assets/img/home-5/bg_04.png]
[rrdevs.net/demos/html/consulter/assets/img/cta/cta-arrow.png]
[rrdevs.net/demos/html/consulter/assets/img/table/why-choose-cta-banner-overly.png]
[rrdevs.net/demos/html/consulter/assets/img/footer/footer-bg.png]
[rrdevs.net/demos/html/consulter/assets/img/home-5/footer_bg.png]
[rrdevs.net/demos/html/consulter/assets/img/footer/spot-1.png]
[rrdevs.net/demos/html/consulter/assets/img/footer/spot-2.png]
[rrdevs.net/demos/html/consulter/style.css]
[rrdevs.net/demos/html/consulter/index.html]
[rrdevs.net/demos/html/consulter/assets/img/logo/logo-2.png]
[rrdevs.net/demos/html/consulter/assets/img/banner/banne-slider-1.png]
[rrdevs.net/demos/html/consulter/assets/img/team-details/badge-line-yellow.svg]
[rrdevs.net/demos/html/consulter/assets/img/home-2/about-media.png]
[rrdevs.net/demos/html/consulter/assets/img/home-2/expert-team-1.png]
[rrdevs.net/demos/html/consulter/assets/img/home-2/expert-team-2.png]
[rrdevs.net/demos/html/consulter/assets/img/home-2/expert-team-3.png]
[rrdevs.net/demos/html/consulter/assets/img/services/services-4.png]
[rrdevs.net/demos/html/consulter/assets/img/services/services-5.png]
[rrdevs.net/demos/html/consulter/assets/img/services/services-6.png]
[rrdevs.net/demos/html/consulter/assets/img/services/why-choose-1.png]
[rrdevs.net/demos/html/consulter/assets/img/portfolio/portfolio-1.png]
[rrdevs.net/demos/html/consulter/assets/img/portfolio/portfolio-2.png]
[rrdevs.net/demos/html/consulter/assets/img/portfolio/portfolio-3.png]
[rrdevs.net/demos/html/consulter/assets/img/team/team-item-2.jpg]
[rrdevs.net/demos/html/consulter/assets/img/team/team-item-3.jpg]
[rrdevs.net/demos/html/consulter/assets/img/team/team-item-9.jpg]
[rrdevs.net/demos/html/consulter/assets/img/testimonial/asana.png]
[rrdevs.net/demos/html/consulter/assets/img/testimonial/discord.png]
[rrdevs.net/demos/html/consulter/assets/img/testimonial/amazon.png]
[rrdevs.net/demos/html/consulter/assets/img/icon/hand-4.svg]
[rrdevs.net/demos/html/consulter/assets/img/home-3/blog-new-bg.png]
[rrdevs.net/demos/html/consulter/assets/img/blog/blog-12.jpg]
[rrdevs.net/demos/html/consulter/assets/img/blog/blog-13.jpg]
[rrdevs.net/demos/html/consulter/assets/img/blog/blog-14.jpg]
[rrdevs.net/demos/html/consulter/assets/img/footer/footer-bg-2.png]
[rrdevs.net/demos/html/consulter/assets/img/logo/footer-logo-2.png]
[rrdevs.net/demos/html/consulter/assets/img/icon/notification-2.svg]
[rrdevs.net/demos/html/consulter/index-2.html]
[rrdevs.net/demos/html/consulter/assets/img/logo/logo.png]
[rrdevs.net/demos/html/consulter/assets/img/banner/banner-3.png]
[rrdevs.net/demos/html/consulter/assets/img/icon/arrow-right-big-alt.svg]
[rrdevs.net/demos/html/consulter/assets/img/team-details/badge-line.svg]
[rrdevs.net/demos/html/consulter/assets/img/services/services-2.png]
[rrdevs.net/demos/html/consulter/assets/img/project-details/project-details-2.png]
[rrdevs.net/demos/html/consulter/assets/img/project-details/project-details-3.png]
[rrdevs.net/demos/html/consulter/assets/img/projects/project-1.png]
[rrdevs.net/demos/html/consulter/assets/img/icon/arrow-right-top.svg]
[rrdevs.net/demos/html/consulter/assets/img/projects/project-2.png]
[rrdevs.net/demos/html/consulter/assets/img/projects/project-3.png]
[rrdevs.net/demos/html/consulter/assets/img/projects/project-4.png]
[rrdevs.net/demos/html/consulter/assets/img/projects/project-5.png]
[rrdevs.net/demos/html/consulter/assets/img/projects/project-6.png]
[rrdevs.net/demos/html/consulter/assets/img/about/about-member-1.png]
[rrdevs.net/demos/html/consulter/assets/img/about/about-member-2.png]
[rrdevs.net/demos/html/consulter/assets/img/about/about-member-3.png]
[rrdevs.net/demos/html/consulter/assets/img/about/about-member-4.png]
[rrdevs.net/demos/html/consulter/assets/img/testimonial/testimonial-2.png]
[rrdevs.net/demos/html/consulter/assets/img/testimonial/testimonial-3.png]
[rrdevs.net/demos/html/consulter/assets/img/brand/brand-1.png]
[rrdevs.net/demos/html/consulter/assets/img/brand/brand-2.png]
[rrdevs.net/demos/html/consulter/assets/img/brand/brand-3.png]
[rrdevs.net/demos/html/consulter/assets/img/brand/brand-4.png]
[rrdevs.net/demos/html/consulter/assets/img/brand/brand-5.png]
[rrdevs.net/demos/html/consulter/assets/img/brand/brand-6.png]
[rrdevs.net/demos/html/consulter/assets/img/home-3/delivery.png]
[rrdevs.net/demos/html/consulter/assets/img/icon/question-comment.svg]
[rrdevs.net/demos/html/consulter/assets/img/blog/blog-1.jpg]
[rrdevs.net/demos/html/consulter/assets/img/blog/blog-2.jpg]
[rrdevs.net/demos/html/consulter/assets/img/blog/blog-3.jpg]
[rrdevs.net/demos/html/consulter/assets/img/logo/footer-logo.png]
[rrdevs.net/demos/html/consulter/assets/img/icon/notification.svg]
[rrdevs.net/demos/html/consulter/index-3.html]
[rrdevs.net/demos/html/consulter/assets/img/home-4/logo_04.png]
[rrdevs.net/demos/html/consulter/assets/img/home-4/banner_01.png]
[rrdevs.net/demos/html/consulter/assets/img/home-4/card_01.png]
[rrdevs.net/demos/html/consulter/assets/img/home-4/card_02.png]
[rrdevs.net/demos/html/consulter/assets/img/home-4/card_03.png]
[rrdevs.net/demos/html/consulter/assets/img/home-4/man.png]
[rrdevs.net/demos/html/consulter/assets/img/home-4/arrow_01.svg]
[rrdevs.net/demos/html/consulter/assets/img/home-4/bg_01.png]
[rrdevs.net/demos/html/consulter/assets/img/home-4/logo-f_04.png]
[rrdevs.net/demos/html/consulter/index-4.html]
[rrdevs.net/demos/html/consulter/assets/img/home-5/logo_05.png]
[rrdevs.net/demos/html/consulter/assets/img/home-5/slider-shape_r.svg]
[rrdevs.net/demos/html/consulter/assets/img/home-5/slider-shape_l.svg]
[rrdevs.net/demos/html/consulter/assets/img/home-5/banner_03.png]
[rrdevs.net/demos/html/consulter/assets/img/home-5/work_01.png]
[rrdevs.net/demos/html/consulter/assets/img/home-5/about_01.png]
[rrdevs.net/demos/html/consulter/assets/img/home-5/bage.svg]
[rrdevs.net/demos/html/consulter/assets/img/home-5/arrow_r_01.svg]
[rrdevs.net/demos/html/consulter/assets/img/home-5/bg_06.png]
[rrdevs.net/demos/html/consulter/assets/img/home-5/woman.png]
[rrdevs.net/demos/html/consulter/assets/img/home-5/card_04.png]
[rrdevs.net/demos/html/consulter/assets/img/home-5/bg_02.png]
[rrdevs.net/demos/html/consulter/assets/img/home-5/bage_02.svg]
[rrdevs.net/demos/html/consulter/assets/img/home-5/man.png]
[rrdevs.net/demos/html/consulter/assets/img/home-5/amagon.png]
[rrdevs.net/demos/html/consulter/assets/img/home-5/blog_01.png]
[rrdevs.net/demos/html/consulter/assets/img/home-5/logo-f_05.png]
[rrdevs.net/demos/html/consulter/assets/img/home-5/notification.svg]
[rrdevs.net/demos/html/consulter/index-5.html]
[rrdevs.net/demos/html/consulter/assets/img/page-banner/page-banner-start.svg]
[rrdevs.net/demos/html/consulter/assets/img/page-banner/page-banner.jpg]
[rrdevs.net/demos/html/consulter/assets/img/services/services-1.png]
[rrdevs.net/demos/html/consulter/assets/img/services/services-3.png]
[rrdevs.net/demos/html/consulter/assets/img/project-details/project-details-1.png]
[rrdevs.net/demos/html/consulter/assets/img/icon/hand-3.svg]
[rrdevs.net/demos/html/consulter/services.html]
[rrdevs.net/demos/html/consulter/assets/img/services/why-choose-2.png]
[rrdevs.net/demos/html/consulter/services-2.html]
[rrdevs.net/demos/html/consulter/assets/img/about/company-skill-meida.png]
[rrdevs.net/demos/html/consulter/assets/img/about/testimonial-bg.png]
[rrdevs.net/demos/html/consulter/about.html]
[rrdevs.net/demos/html/consulter/assets/img/page-banner/page-banner-1.jpg]
[rrdevs.net/demos/html/consulter/contact.html]
[rrdevs.net/demos/html/consulter/table.html]
[rrdevs.net/demos/html/consulter/assets/img/team/team-item-4.jpg]
[rrdevs.net/demos/html/consulter/assets/img/team/team-item-5.jpg]
[rrdevs.net/demos/html/consulter/assets/img/team/team-item-6.jpg]
[rrdevs.net/demos/html/consulter/assets/img/team/team-item-7.jpg]
[rrdevs.net/demos/html/consulter/assets/img/price/testimonial-bg.svg]
[rrdevs.net/demos/html/consulter/assets/img/team/team-item-8.jpg]
[rrdevs.net/demos/html/consulter/team.html]
[rrdevs.net/demos/html/consulter/assets/img/team-details/team-details.jpg]
[rrdevs.net/demos/html/consulter/webrichardpul.com]
[rrdevs.net/demos/html/consulter/team-details.html]
[rrdevs.net/demos/html/consulter/assets/img/project-details/project-details.png]
[rrdevs.net/demos/html/consulter/assets/img/services-details/services-details-1.png]
[rrdevs.net/demos/html/consulter/assets/img/services-details/have-any.png]
[rrdevs.net/demos/html/consulter/assets/img/services-details/have-any-bottom.png]
[rrdevs.net/demos/html/consulter/assets/img/icon/fdf-1.svg]
[rrdevs.net/demos/html/consulter/assets/img/icon/fdf-4.svg]
[rrdevs.net/demos/html/consulter/services-details.html]
[rrdevs.net/demos/html/consulter/assets/img/project-details/project-details-4.png]
[rrdevs.net/demos/html/consulter/assets/img/project-details/project-details-5.png]
[rrdevs.net/demos/html/consulter/assets/img/project-details/project-details-6.png]
[rrdevs.net/demos/html/consulter/assets/img/project-details/pagination-item-1.png]
[rrdevs.net/demos/html/consulter/assets/img/project-details/pagination-item-2.png]
[rrdevs.net/demos/html/consulter/our-project-details.html]
[rrdevs.net/demos/html/consulter/assets/img/icon/messages-1.svg]
[rrdevs.net/demos/html/consulter/assets/img/blog-details/blog-details-1.jpg]
[rrdevs.net/demos/html/consulter/assets/img/blog-details/blog-details-2.jpg]
[rrdevs.net/demos/html/consulter/assets/img/blog-details/auhor-1.jpg]
[rrdevs.net/demos/html/consulter/assets/img/blog-details/auhor-2.jpg]
[rrdevs.net/demos/html/consulter/assets/img/blog/blog-6.jpg]
[rrdevs.net/demos/html/consulter/blog-details.html]
[rrdevs.net/demos/html/consulter/assets/img/404/404.png]
[rrdevs.net/demos/html/consulter/404.html]
[rrdevs.net/demos/html/consulter/assets/img/projects/project-7.png]
[rrdevs.net/demos/html/consulter/assets/img/projects/project-8.png]
[rrdevs.net/demos/html/consulter/assets/img/projects/project-9.png]
[rrdevs.net/demos/html/consulter/our-project.html]
[rrdevs.net/demos/html/consulter/assets/img/blog/blog-4.jpg]
[rrdevs.net/demos/html/consulter/assets/img/blog/blog-5.jpg]
[rrdevs.net/demos/html/consulter/assets/img/blog/blog-7.jpg]
[rrdevs.net/demos/html/consulter/assets/img/blog/blog-8.jpg]
[rrdevs.net/demos/html/consulter/assets/img/blog/blog-9.jpg]
[rrdevs.net/demos/html/consulter/blog.html]
[rrdevs.net/demos/html/consulter/assets/img/blog/blog-10.jpg]
[rrdevs.net/demos/html/consulter/assets/img/blog/blog-11.jpg]
[rrdevs.net/demos/html/consulter/blog-standard.html]
[rrdevs.net/demos/html/consulter/assets/img/banner/banner-start.svg]
[rrdevs.net/demos/html/consulter/assets/img/icon/growth.svg]
[rrdevs.net/demos/html/consulter/assets/img/icon/planning-1.svg]
[rrdevs.net/demos/html/consulter/assets/img/icon/international.svg]
[rrdevs.net/demos/html/consulter/assets/img/home/line.svg]
[rrdevs.net/demos/html/consulter/assets/fonts/fa-solid-900.html]
[rrdevs.net/demos/html/consulter/assets/fonts/flaticon4c3d.html]
[rrdevs.net/demos/html/consulter/assets/fonts/flaticon4c3d-2.html]
[rrdevs.net/demos/html/consulter/assets/fonts/flaticon4c3d-3.html]
[rrdevs.net/demos/html/consulter/assets/fonts/flaticon4c3d-4.html]
[rrdevs.net/demos/html/consulter/assets/fonts/consulter85dd.svg]
[rrdevs.net/demos/assets/img/portfolio/our-portfolio-bg.html]
[rrdevs.net/demos/html/consulter/assets/img/page-banner/pattern.svg]
[rrdevs.net/demos/html/consulter/assets/img/banner/pattern.svg]
[rrdevs.net/demos/html/consulter/assets/img/banner/banner-overly.svg]
[rrdevs.net/demos/html/assets/img/testimonial/star.html]
[rrdevs.net/demos/html/consulter/assets/img/price/standard-plan-2.svg]
[rrdevs.net/demos/html/consulter/assets/img/price/professional-2.svg]
[rrdevs.net/demos/html/consulter/assets/img/price/circle-2.svg]
[rrdevs.net/demos/html/consulter/assets/img/price/basic-plan-2.svg]
[rrdevs.net/demos/html/consulter/assets/img/price/standard-plan.svg]
[rrdevs.net/demos/html/consulter/assets/img/price/professional.svg]
[rrdevs.net/demos/html/consulter/assets/img/price/circle.svg]
[rrdevs.net/demos/html/consulter/assets/img/price/price-bg.svg]
[rrdevs.net/demos/html/consulter/assets/img/price/basic-plan.svg]
[rrdevs.net/demos/html/consulter/assets/img/home/our-company-financial-overly.svg]
[rrdevs.net/demos/html/consulter/assets/img/team-details/badge-line-yellow.svg]
[rrdevs.net/demos/html/consulter/assets/img/icon/hand-4.svg]
[rrdevs.net/demos/html/consulter/assets/img/icon/notification-2.svg]
[rrdevs.net/demos/html/consulter/assets/img/icon/arrow-right-big-alt.svg]
[rrdevs.net/demos/html/consulter/assets/img/team-details/badge-line.svg]
[rrdevs.net/demos/html/consulter/assets/img/icon/arrow-right-top.svg]
[rrdevs.net/demos/html/consulter/assets/img/icon/play-transparent.svg]
[rrdevs.net/demos/html/consulter/assets/img/icon/question-comment.svg]
[rrdevs.net/demos/html/consulter/assets/img/icon/notification.svg]
[rrdevs.net/demos/html/consulter/assets/img/home-4/arrow_01.svg]
[rrdevs.net/demos/html/consulter/assets/img/home-5/slider-shape_r.svg]
[rrdevs.net/demos/html/consulter/assets/img/home-5/slider-shape_l.svg]
[rrdevs.net/demos/html/consulter/assets/img/home-5/bage.svg]
[rrdevs.net/demos/html/consulter/assets/img/home-5/arrow_r_01.svg]
[rrdevs.net/demos/html/consulter/assets/img/home-5/bage_02.svg]
[rrdevs.net/demos/html/consulter/assets/img/home-5/notification.svg]
[rrdevs.net/demos/html/consulter/assets/img/page-banner/page-banner-start.svg]
[rrdevs.net/demos/html/consulter/assets/img/price/testimonial-bg.svg]
[rrdevs.net/demos/html/consulter/assets/img/icon/hand-3.svg]
[rrdevs.net/demos/html/consulter/webrichardpul.html]
[rrdevs.net/demos/html/consulter/assets/img/icon/fdf-1.svg]
[rrdevs.net/demos/html/consulter/assets/img/icon/fdf-4.svg]
[rrdevs.net/demos/html/consulter/assets/img/icon/messages-1.svg]
